/design_1_i/design_1__GC0:2102400361
/design_1_i/MLP_1_0/inst/grp_dot_product_2_fu_1255/dot_product_2__GB1:1804051073
/design_1_i/axi_smc/inst/s01_entry_pipeline/s01_mmu/inst/r_sreg:131174653
/design_1_i/axi_smc/inst/m00_exit_pipeline/m00_exit/inst/ar_reg:4259016689
/design_1_i/axi_smc/inst/s01_entry_pipeline/s01_mmu/inst/sc_mmu_v1_0_9_top__parameterized0__GC0:2606665239
/design_1_i/axi_smc/inst/s01_entry_pipeline/s01_mmu/inst/aw_sreg:760873395
/design_1_i/axi_smc/inst/m00_exit_pipeline/m00_exit/inst/b_reg:1563489596
/design_1_i/MLP_1_0/inst/grp_dot_product_1_fu_1263/dot_product_1__GB2:1947894165
/design_1_i/MLP_1_0/inst/grp_dot_product_2_fu_1255/dot_product_2__GB2:4069454651
/design_1_i/axi_smc/inst/bd_afc3__GC0:3556238310
/design_1_i/MLP_1_0/inst/grp_dot_product_1_fu_1263/dot_product_1__GB1:3977498671
/design_1_i/axi_smc/inst/s00_entry_pipeline/s00_entry_pipeline_imp_USCCV8__GC0:2131326182
/design_1_i/axi_smc/inst/s01_entry_pipeline/s01_mmu/inst/b_sreg:1893113963
/design_1_i/axi_smc/inst/m00_exit_pipeline/m00_exit/inst/r_reg:708298154
/design_1_i/MLP_1_0/inst/grp_dot_product_1_fu_1263/dot_product_1__GB0:2585059513
/design_1_i/MLP_1_0/inst/grp_dot_product_2_fu_1255/dot_product_2__GB3:2240398253
/design_1_i/axi_smc/inst/s00_entry_pipeline/s00_mmu/inst/b_sreg:3185908770
/design_1_i/axi_smc/inst/s00_entry_pipeline/s00_mmu/inst/ar_sreg:760873395
/design_1_i/axi_smc/inst/s01_entry_pipeline/s01_mmu/inst/ar_reg_stall:3923767761
/design_1_i/axi_smc/inst/s01_entry_pipeline/s01_mmu/inst/aw_reg_stall:3277086879
/design_1_i/axi_smc/inst/s01_entry_pipeline/s01_entry_pipeline_imp_1W4H5O0__GC0:2664246473
/design_1_i/axi_smc/inst/s00_entry_pipeline/s00_mmu/inst/w_sreg:3403820212
/design_1_i/MLP_1_0/inst/MLP_1__GCB0:3582959838
/design_1_i/MLP_1_0/inst/MLP_1__GCB1:2726858824
/design_1_i/axi_smc/inst/s01_entry_pipeline/s01_mmu/inst/ar_sreg:2665005383
/design_1_i/MLP_1_0/inst/grp_dot_product_2_fu_1255/dot_product_2__GB0:478188055
/design_1_i/axi_smc/inst/s00_entry_pipeline/s00_mmu/inst/r_sreg:708298154
/design_1_i/axi_smc/inst/m00_exit_pipeline/m00_exit/inst/w_reg:3007222800
/design_1_i/axi_smc/inst/s01_entry_pipeline/s01_mmu/inst/w_sreg:3007222800
/design_1_i/axi_smc/inst/s00_entry_pipeline/s00_mmu/inst/aw_sreg:1516056869
/design_1_i/MLP_1_0/inst/grp_dot_product_1_fu_1263/dot_product_1__GB3:52277507
/design_1_i/axi_smc/inst/s00_entry_pipeline/s00_mmu/inst/aw_reg_stall:3025358857
/design_1_i/axi_smc/inst/s00_entry_pipeline/s00_mmu/inst/sc_mmu_v1_0_9_top__GC0:1356585257
/design_1_i/axi_smc/inst/m00_exit_pipeline/m00_exit/inst/sc_exit_v1_0_10_top__GC0:3342048516
/design_1_i/axi_smc/inst/s00_entry_pipeline/s00_mmu/inst/ar_reg_stall:3277086879
/design_1_i/axi_smc/inst/m00_exit_pipeline/m00_exit/inst/aw_reg:4259016689
