

================================================================
== Vivado HLS Report for 'dot_product'
================================================================
* Date:           Mon Mar 29 17:27:10 2021

* Version:        2020.1 (Build 2897737 on Wed May 27 20:21:37 MDT 2020)
* Project:        cg4002
* Solution:       solution1
* Product family: zynquplus
* Target device:  xczu3eg-sbva484-1-i


================================================================
== Performance Estimates
================================================================
+ Timing: 
    * Summary: 
    +--------+----------+----------+------------+
    |  Clock |  Target  | Estimated| Uncertainty|
    +--------+----------+----------+------------+
    |ap_clk  | 10.00 ns | 9.622 ns |   1.25 ns  |
    +--------+----------+----------+------------+

+ Latency: 
    * Summary: 
    +---------+---------+----------+----------+-----+-----+---------+
    |  Latency (cycles) |  Latency (absolute) |  Interval | Pipeline|
    |   min   |   max   |    min   |    max   | min | max |   Type  |
    +---------+---------+----------+----------+-----+-----+---------+
    |      390|      390| 3.900 us | 3.900 us |  390|  390|   none  |
    +---------+---------+----------+----------+-----+-----+---------+

    + Detail: 
        * Instance: 
        N/A

        * Loop: 
        +----------+---------+---------+----------+-----------+-----------+------+----------+
        |          |  Latency (cycles) | Iteration|  Initiation Interval  | Trip |          |
        | Loop Name|   min   |   max   |  Latency |  achieved |   target  | Count| Pipelined|
        +----------+---------+---------+----------+-----------+-----------+------+----------+
        |- Loop 1  |       64|       64|         2|          1|          1|    64|    yes   |
        |- Loop 2  |       64|       64|         2|          1|          1|    64|    yes   |
        +----------+---------+---------+----------+-----------+-----------+------+----------+



================================================================
== Utilization Estimates
================================================================
* Summary: 
+-----------------+---------+-------+--------+-------+-----+
|       Name      | BRAM_18K| DSP48E|   FF   |  LUT  | URAM|
+-----------------+---------+-------+--------+-------+-----+
|DSP              |        -|      -|       -|      -|    -|
|Expression       |        -|      -|       0|     60|    -|
|FIFO             |        -|      -|       -|      -|    -|
|Instance         |        -|      5|     355|    352|    -|
|Memory           |        -|      -|       -|      -|    -|
|Multiplexer      |        -|      -|       -|   1874|    -|
|Register         |        -|      -|    4485|      -|    -|
+-----------------+---------+-------+--------+-------+-----+
|Total            |        0|      5|    4840|   2286|    0|
+-----------------+---------+-------+--------+-------+-----+
|Available        |      432|    360|  141120|  70560|    0|
+-----------------+---------+-------+--------+-------+-----+
|Utilization (%)  |        0|      1|       3|      3|    0|
+-----------------+---------+-------+--------+-------+-----+

+ Detail: 
    * Instance: 
    +--------------------------+----------------------+---------+-------+-----+-----+-----+
    |         Instance         |        Module        | BRAM_18K| DSP48E|  FF | LUT | URAM|
    +--------------------------+----------------------+---------+-------+-----+-----+-----+
    |MLP_1_fadd_32ns_3bkb_U13  |MLP_1_fadd_32ns_3bkb  |        0|      2|  227|  214|    0|
    |MLP_1_fmul_32ns_3cud_U14  |MLP_1_fmul_32ns_3cud  |        0|      3|  128|  138|    0|
    +--------------------------+----------------------+---------+-------+-----+-----+-----+
    |Total                     |                      |        0|      5|  355|  352|    0|
    +--------------------------+----------------------+---------+-------+-----+-----+-----+

    * DSP48E: 
    N/A

    * Memory: 
    N/A

    * FIFO: 
    N/A

    * Expression: 
    +-------------------------+----------+-------+---+----+------------+------------+
    |      Variable Name      | Operation| DSP48E| FF| LUT| Bitwidth P0| Bitwidth P1|
    +-------------------------+----------+-------+---+----+------------+------------+
    |i_3_fu_1112_p2           |     +    |      0|  0|  15|           7|           1|
    |i_fu_762_p2              |     +    |      0|  0|  15|           7|           1|
    |icmp_ln30_fu_756_p2      |   icmp   |      0|  0|  11|           7|           8|
    |icmp_ln34_fu_1106_p2     |   icmp   |      0|  0|  11|           7|           8|
    |ap_enable_pp0            |    xor   |      0|  0|   2|           1|           2|
    |ap_enable_pp1            |    xor   |      0|  0|   2|           1|           2|
    |ap_enable_reg_pp0_iter1  |    xor   |      0|  0|   2|           2|           1|
    |ap_enable_reg_pp1_iter1  |    xor   |      0|  0|   2|           2|           1|
    +-------------------------+----------+-------+---+----+------------+------------+
    |Total                    |          |      0|  0|  60|          34|          24|
    +-------------------------+----------+-------+---+----+------------+------------+

    * Multiplexer: 
    +-------------------------+------+-----------+-----+-----------+
    |           Name          |  LUT | Input Size| Bits| Total Bits|
    +-------------------------+------+-----------+-----+-----------+
    |ap_NS_fsm                |  1201|        264|    1|        264|
    |ap_enable_reg_pp0_iter1  |    15|          3|    1|          3|
    |ap_enable_reg_pp1_iter1  |    15|          3|    1|          3|
    |ap_return                |     9|          2|   32|         64|
    |grp_fu_736_p0            |    15|          3|   32|         96|
    |grp_fu_736_p1            |    15|          3|   32|         96|
    |grp_fu_741_p0            |   293|         65|   32|       2080|
    |grp_fu_741_p1            |   293|         65|   32|       2080|
    |i1_0_reg_725             |     9|          2|    7|         14|
    |i_0_reg_714              |     9|          2|    7|         14|
    +-------------------------+------+-----------+-----+-----------+
    |Total                    |  1874|        412|  177|       4714|
    +-------------------------+------+-----------+-----+-----------+

    * Register: 
    +-------------------------+-----+----+-----+-----------+
    |           Name          |  FF | LUT| Bits| Const Bits|
    +-------------------------+-----+----+-----+-----------+
    |a_int_63_10_fu_210       |   32|   0|   32|          0|
    |a_int_63_11_fu_214       |   32|   0|   32|          0|
    |a_int_63_12_fu_218       |   32|   0|   32|          0|
    |a_int_63_13_fu_222       |   32|   0|   32|          0|
    |a_int_63_14_fu_226       |   32|   0|   32|          0|
    |a_int_63_15_fu_230       |   32|   0|   32|          0|
    |a_int_63_16_fu_234       |   32|   0|   32|          0|
    |a_int_63_17_fu_238       |   32|   0|   32|          0|
    |a_int_63_18_fu_242       |   32|   0|   32|          0|
    |a_int_63_19_fu_246       |   32|   0|   32|          0|
    |a_int_63_1_fu_174        |   32|   0|   32|          0|
    |a_int_63_20_fu_250       |   32|   0|   32|          0|
    |a_int_63_21_fu_254       |   32|   0|   32|          0|
    |a_int_63_22_fu_258       |   32|   0|   32|          0|
    |a_int_63_23_fu_262       |   32|   0|   32|          0|
    |a_int_63_24_fu_266       |   32|   0|   32|          0|
    |a_int_63_25_fu_270       |   32|   0|   32|          0|
    |a_int_63_26_fu_274       |   32|   0|   32|          0|
    |a_int_63_27_fu_278       |   32|   0|   32|          0|
    |a_int_63_28_fu_282       |   32|   0|   32|          0|
    |a_int_63_29_fu_286       |   32|   0|   32|          0|
    |a_int_63_2_fu_178        |   32|   0|   32|          0|
    |a_int_63_30_fu_290       |   32|   0|   32|          0|
    |a_int_63_31_fu_294       |   32|   0|   32|          0|
    |a_int_63_32_fu_298       |   32|   0|   32|          0|
    |a_int_63_33_fu_302       |   32|   0|   32|          0|
    |a_int_63_34_fu_306       |   32|   0|   32|          0|
    |a_int_63_35_fu_310       |   32|   0|   32|          0|
    |a_int_63_36_fu_314       |   32|   0|   32|          0|
    |a_int_63_37_fu_318       |   32|   0|   32|          0|
    |a_int_63_38_fu_322       |   32|   0|   32|          0|
    |a_int_63_39_fu_326       |   32|   0|   32|          0|
    |a_int_63_3_fu_182        |   32|   0|   32|          0|
    |a_int_63_40_fu_330       |   32|   0|   32|          0|
    |a_int_63_41_fu_334       |   32|   0|   32|          0|
    |a_int_63_42_fu_338       |   32|   0|   32|          0|
    |a_int_63_43_fu_342       |   32|   0|   32|          0|
    |a_int_63_44_fu_346       |   32|   0|   32|          0|
    |a_int_63_45_fu_350       |   32|   0|   32|          0|
    |a_int_63_46_fu_354       |   32|   0|   32|          0|
    |a_int_63_47_fu_358       |   32|   0|   32|          0|
    |a_int_63_48_fu_362       |   32|   0|   32|          0|
    |a_int_63_49_fu_366       |   32|   0|   32|          0|
    |a_int_63_4_fu_186        |   32|   0|   32|          0|
    |a_int_63_50_fu_370       |   32|   0|   32|          0|
    |a_int_63_51_fu_374       |   32|   0|   32|          0|
    |a_int_63_52_fu_378       |   32|   0|   32|          0|
    |a_int_63_53_fu_382       |   32|   0|   32|          0|
    |a_int_63_54_fu_386       |   32|   0|   32|          0|
    |a_int_63_55_fu_390       |   32|   0|   32|          0|
    |a_int_63_56_fu_394       |   32|   0|   32|          0|
    |a_int_63_57_fu_398       |   32|   0|   32|          0|
    |a_int_63_58_fu_402       |   32|   0|   32|          0|
    |a_int_63_59_fu_406       |   32|   0|   32|          0|
    |a_int_63_5_fu_190        |   32|   0|   32|          0|
    |a_int_63_60_fu_410       |   32|   0|   32|          0|
    |a_int_63_61_fu_414       |   32|   0|   32|          0|
    |a_int_63_62_fu_418       |   32|   0|   32|          0|
    |a_int_63_63_fu_422       |   32|   0|   32|          0|
    |a_int_63_6_fu_194        |   32|   0|   32|          0|
    |a_int_63_7_fu_198        |   32|   0|   32|          0|
    |a_int_63_8_fu_202        |   32|   0|   32|          0|
    |a_int_63_9_fu_206        |   32|   0|   32|          0|
    |a_int_63_fu_170          |   32|   0|   32|          0|
    |ap_CS_fsm                |  263|   0|  263|          0|
    |ap_enable_reg_pp0_iter0  |    1|   0|    1|          0|
    |ap_enable_reg_pp0_iter1  |    1|   0|    1|          0|
    |ap_enable_reg_pp1_iter0  |    1|   0|    1|          0|
    |ap_enable_reg_pp1_iter1  |    1|   0|    1|          0|
    |ap_return_preg           |   32|   0|   32|          0|
    |b_int_63_10_fu_466       |   32|   0|   32|          0|
    |b_int_63_11_fu_470       |   32|   0|   32|          0|
    |b_int_63_12_fu_474       |   32|   0|   32|          0|
    |b_int_63_13_fu_478       |   32|   0|   32|          0|
    |b_int_63_14_fu_482       |   32|   0|   32|          0|
    |b_int_63_15_fu_486       |   32|   0|   32|          0|
    |b_int_63_16_fu_490       |   32|   0|   32|          0|
    |b_int_63_17_fu_494       |   32|   0|   32|          0|
    |b_int_63_18_fu_498       |   32|   0|   32|          0|
    |b_int_63_19_fu_502       |   32|   0|   32|          0|
    |b_int_63_1_fu_430        |   32|   0|   32|          0|
    |b_int_63_20_fu_506       |   32|   0|   32|          0|
    |b_int_63_21_fu_510       |   32|   0|   32|          0|
    |b_int_63_22_fu_514       |   32|   0|   32|          0|
    |b_int_63_23_fu_518       |   32|   0|   32|          0|
    |b_int_63_24_fu_522       |   32|   0|   32|          0|
    |b_int_63_25_fu_526       |   32|   0|   32|          0|
    |b_int_63_26_fu_530       |   32|   0|   32|          0|
    |b_int_63_27_fu_534       |   32|   0|   32|          0|
    |b_int_63_28_fu_538       |   32|   0|   32|          0|
    |b_int_63_29_fu_542       |   32|   0|   32|          0|
    |b_int_63_2_fu_434        |   32|   0|   32|          0|
    |b_int_63_30_fu_546       |   32|   0|   32|          0|
    |b_int_63_31_fu_550       |   32|   0|   32|          0|
    |b_int_63_32_fu_554       |   32|   0|   32|          0|
    |b_int_63_33_fu_558       |   32|   0|   32|          0|
    |b_int_63_34_fu_562       |   32|   0|   32|          0|
    |b_int_63_35_fu_566       |   32|   0|   32|          0|
    |b_int_63_36_fu_570       |   32|   0|   32|          0|
    |b_int_63_37_fu_574       |   32|   0|   32|          0|
    |b_int_63_38_fu_578       |   32|   0|   32|          0|
    |b_int_63_39_fu_582       |   32|   0|   32|          0|
    |b_int_63_3_fu_438        |   32|   0|   32|          0|
    |b_int_63_40_fu_586       |   32|   0|   32|          0|
    |b_int_63_41_fu_590       |   32|   0|   32|          0|
    |b_int_63_42_fu_594       |   32|   0|   32|          0|
    |b_int_63_43_fu_598       |   32|   0|   32|          0|
    |b_int_63_44_fu_602       |   32|   0|   32|          0|
    |b_int_63_45_fu_606       |   32|   0|   32|          0|
    |b_int_63_46_fu_610       |   32|   0|   32|          0|
    |b_int_63_47_fu_614       |   32|   0|   32|          0|
    |b_int_63_48_fu_618       |   32|   0|   32|          0|
    |b_int_63_49_fu_622       |   32|   0|   32|          0|
    |b_int_63_4_fu_442        |   32|   0|   32|          0|
    |b_int_63_50_fu_626       |   32|   0|   32|          0|
    |b_int_63_51_fu_630       |   32|   0|   32|          0|
    |b_int_63_52_fu_634       |   32|   0|   32|          0|
    |b_int_63_53_fu_638       |   32|   0|   32|          0|
    |b_int_63_54_fu_642       |   32|   0|   32|          0|
    |b_int_63_55_fu_646       |   32|   0|   32|          0|
    |b_int_63_56_fu_650       |   32|   0|   32|          0|
    |b_int_63_57_fu_654       |   32|   0|   32|          0|
    |b_int_63_58_fu_658       |   32|   0|   32|          0|
    |b_int_63_59_fu_662       |   32|   0|   32|          0|
    |b_int_63_5_fu_446        |   32|   0|   32|          0|
    |b_int_63_60_fu_666       |   32|   0|   32|          0|
    |b_int_63_61_fu_670       |   32|   0|   32|          0|
    |b_int_63_62_fu_674       |   32|   0|   32|          0|
    |b_int_63_63_fu_678       |   32|   0|   32|          0|
    |b_int_63_6_fu_450        |   32|   0|   32|          0|
    |b_int_63_7_fu_454        |   32|   0|   32|          0|
    |b_int_63_8_fu_458        |   32|   0|   32|          0|
    |b_int_63_9_fu_462        |   32|   0|   32|          0|
    |b_int_63_fu_426          |   32|   0|   32|          0|
    |i1_0_reg_725             |    7|   0|    7|          0|
    |i_0_reg_714              |    7|   0|    7|          0|
    |reg_745                  |   32|   0|   32|          0|
    |reg_751                  |   32|   0|   32|          0|
    |trunc_ln32_reg_2362      |    6|   0|    6|          0|
    |trunc_ln36_reg_2764      |    6|   0|    6|          0|
    +-------------------------+-----+----+-----+-----------+
    |Total                    | 4485|   0| 4485|          0|
    +-------------------------+-----+----+-----+-----------+



================================================================
== Interface
================================================================
* Summary: 
+------------+-----+-----+------------+--------------+--------------+
|  RTL Ports | Dir | Bits|  Protocol  | Source Object|    C Type    |
+------------+-----+-----+------------+--------------+--------------+
|ap_clk      |  in |    1| ap_ctrl_hs |  dot_product | return value |
|ap_rst      |  in |    1| ap_ctrl_hs |  dot_product | return value |
|ap_start    |  in |    1| ap_ctrl_hs |  dot_product | return value |
|ap_done     | out |    1| ap_ctrl_hs |  dot_product | return value |
|ap_idle     | out |    1| ap_ctrl_hs |  dot_product | return value |
|ap_ready    | out |    1| ap_ctrl_hs |  dot_product | return value |
|ap_return   | out |   32| ap_ctrl_hs |  dot_product | return value |
|a_address0  | out |   14|  ap_memory |       a      |     array    |
|a_ce0       | out |    1|  ap_memory |       a      |     array    |
|a_q0        |  in |   32|  ap_memory |       a      |     array    |
|a_offset    |  in |    7|   ap_none  |   a_offset   |    scalar    |
|b_address0  | out |    8|  ap_memory |       b      |     array    |
|b_ce0       | out |    1|  ap_memory |       b      |     array    |
|b_q0        |  in |   32|  ap_memory |       b      |     array    |
+------------+-----+-----+------------+--------------+--------------+

