

================================================================
== Vivado HLS Report for 'MLP_1'
================================================================
* Date:           Mon Mar 29 17:27:12 2021

* Version:        2020.1 (Build 2897737 on Wed May 27 20:21:37 MDT 2020)
* Project:        cg4002
* Solution:       solution1
* Product family: zynquplus
* Target device:  xczu3eg-sbva484-1-i


================================================================
== Performance Estimates
================================================================
+ Timing: 
    * Summary: 
    +--------+----------+----------+------------+
    |  Clock |  Target  | Estimated| Uncertainty|
    +--------+----------+----------+------------+
    |ap_clk  | 10.00 ns | 9.622 ns |   1.25 ns  |
    +--------+----------+----------+------------+

+ Latency: 
    * Summary: 
    +--------------+--------------+-------------+-------------+--------------+--------------+---------+
    |       Latency (cycles)      |     Latency (absolute)    |           Interval          | Pipeline|
    |      min     |      max     |     min     |     max     |      min     |      max     |   Type  |
    +--------------+--------------+-------------+-------------+--------------+--------------+---------+
    |  832971302736|  832971302736| 8.3e+03 sec | 8.3e+03 sec |  832971302736|  832971302736|   none  |
    +--------------+--------------+-------------+-------------+--------------+--------------+---------+

    + Detail: 
        * Instance: 
        +---------------------------+---------------+---------+---------+-----------+-----------+------+------+---------+
        |                           |               |  Latency (cycles) |   Latency (absolute)  |   Interval  | Pipeline|
        |          Instance         |     Module    |   min   |   max   |    min    |    max    |  min |  max |   Type  |
        +---------------------------+---------------+---------+---------+-----------+-----------+------+------+---------+
        |grp_dot_product_2_fu_1255  |dot_product_2  |     1542|     1542| 15.420 us | 15.420 us |  1542|  1542|   none  |
        |grp_dot_product_1_fu_1263  |dot_product_1  |     1542|     1542| 15.420 us | 15.420 us |  1542|  1542|   none  |
        |grp_dot_product_fu_1271    |dot_product    |      390|      390|  3.900 us |  3.900 us |   390|   390|   none  |
        +---------------------------+---------------+---------+---------+-----------+-----------+------+------+---------+

        * Loop: 
        +--------------------------+--------------+--------------+----------+-----------+-----------+---------+----------+
        |                          |       Latency (cycles)      | Iteration|  Initiation Interval  |   Trip  |          |
        |         Loop Name        |      min     |      max     |  Latency |  achieved |   target  |  Count  | Pipelined|
        +--------------------------+--------------+--------------+----------+-----------+-----------+---------+----------+
        |- memset_inputs           |           255|           255|         1|          -|          -|      256|    no    |
        |- memset_hidden1          |           255|           255|         1|          -|          -|      256|    no    |
        |- memset_hidden2          |           255|           255|         1|          -|          -|      256|    no    |
        |- memset_outputs          |            63|            63|         1|          -|          -|       64|    no    |
        |- memset_hidden1_bias     |           255|           255|         1|          -|          -|      256|    no    |
        |- memset_hidden2_bias     |           255|           255|         1|          -|          -|      256|    no    |
        |- memset_outputs_bias     |            63|            63|         1|          -|          -|       64|    no    |
        |- memset_hidden1_matrix   |         65791|         65791|       257|          -|          -|      256|    no    |
        | + memset_hidden1_matrix  |           255|           255|         1|          -|          -|      256|    no    |
        |- memset_hidden2_matrix   |         65791|         65791|       257|          -|          -|      256|    no    |
        | + memset_hidden2_matrix  |           255|           255|         1|          -|          -|      256|    no    |
        |- memset_outputs_matrix   |         16447|         16447|       257|          -|          -|       64|    no    |
        | + memset_outputs_matrix  |           255|           255|         1|          -|          -|      256|    no    |
        |- memset_moving_mean1     |           255|           255|         1|          -|          -|      256|    no    |
        |- memset_moving_var1      |           255|           255|         1|          -|          -|      256|    no    |
        |- memset_gamma1           |           255|           255|         1|          -|          -|      256|    no    |
        |- memset_beta1            |           255|           255|         1|          -|          -|      256|    no    |
        |- memset_moving_mean2     |           255|           255|         1|          -|          -|      256|    no    |
        |- memset_moving_var2      |           255|           255|         1|          -|          -|      256|    no    |
        |- memset_gamma2           |           255|           255|         1|          -|          -|      256|    no    |
        |- memset_beta2            |           255|           255|         1|          -|          -|      256|    no    |
        |- Loop 19                 |         66048|         66048|       258|          -|          -|      256|    no    |
        | + Loop 19.1              |           256|           256|         1|          -|          -|      256|    no    |
        |- Loop 20                 |         66048|         66048|       258|          -|          -|      256|    no    |
        | + Loop 20.1              |           256|           256|         1|          -|          -|      256|    no    |
        |- Loop 21                 |         16512|         16512|       258|          -|          -|       64|    no    |
        | + Loop 21.1              |           256|           256|         1|          -|          -|      256|    no    |
        |- Loop 22                 |           256|           256|         1|          -|          -|      256|    no    |
        |- Loop 23                 |           256|           256|         1|          -|          -|      256|    no    |
        |- Loop 24                 |            64|            64|         1|          -|          -|       64|    no    |
        |- Loop 25                 |           256|           256|         1|          -|          -|      256|    no    |
        |- Loop 26                 |           256|           256|         1|          -|          -|      256|    no    |
        |- Loop 27                 |           256|           256|         1|          -|          -|      256|    no    |
        |- Loop 28                 |           256|           256|         1|          -|          -|      256|    no    |
        |- Loop 29                 |           256|           256|         1|          -|          -|      256|    no    |
        |- Loop 30                 |           256|           256|         1|          -|          -|      256|    no    |
        |- Loop 31                 |           256|           256|         1|          -|          -|      256|    no    |
        |- Loop 32                 |           256|           256|         1|          -|          -|      256|    no    |
        |- Loop 33                 |  832971000000|  832971000000|    832971|          -|          -|  1000000|    no    |
        | + myip_read_hls          |           256|           256|         1|          -|          -|      256|    no    |
        | + Loop 33.2              |        395520|        395520|      1545|          -|          -|      256|    no    |
        | + Loop 33.3              |          2048|          2048|         8|          -|          -|      256|    no    |
        | + Loop 33.4              |          5888|          5888|        23|          -|          -|      256|    no    |
        | + Loop 33.5              |        395520|        395520|      1545|          -|          -|      256|    no    |
        | + Loop 33.6              |          2048|          2048|         8|          -|          -|      256|    no    |
        | + Loop 33.7              |          5888|          5888|        23|          -|          -|      256|    no    |
        | + Loop 33.8              |         25152|         25152|       393|          -|          -|       64|    no    |
        | + Loop 33.9              |           448|           448|         7|          -|          -|       64|    no    |
        | + Loop 33.10             |           192|           192|         3|          -|          -|       64|    no    |
        +--------------------------+--------------+--------------+----------+-----------+-----------+---------+----------+



================================================================
== Utilization Estimates
================================================================
* Summary: 
+-----------------+---------+-------+--------+-------+-----+
|       Name      | BRAM_18K| DSP48E|   FF   |  LUT  | URAM|
+-----------------+---------+-------+--------+-------+-----+
|DSP              |        -|      -|       -|      -|    -|
|Expression       |        -|      -|       0|   1609|    -|
|FIFO             |        -|      -|       -|      -|    -|
|Instance         |        -|     22|   41725|  13858|    -|
|Memory           |      276|      -|       0|      0|    0|
|Multiplexer      |        -|      -|       -|   1940|    -|
|Register         |        -|      -|    1501|      -|    -|
+-----------------+---------+-------+--------+-------+-----+
|Total            |      276|     22|   43226|  17407|    0|
+-----------------+---------+-------+--------+-------+-----+
|Available        |      432|    360|  141120|  70560|    0|
+-----------------+---------+-------+--------+-------+-----+
|Utilization (%)  |       63|      6|      30|     24|    0|
+-----------------+---------+-------+--------+-------+-----+

+ Detail: 
    * Instance: 
    +---------------------------+----------------------+---------+-------+-------+------+-----+
    |          Instance         |        Module        | BRAM_18K| DSP48E|   FF  |  LUT | URAM|
    +---------------------------+----------------------+---------+-------+-------+------+-----+
    |MLP_1_fadd_32ns_3bkb_U19   |MLP_1_fadd_32ns_3bkb  |        0|      2|    227|   214|    0|
    |MLP_1_faddfsub_32g8j_U18   |MLP_1_faddfsub_32g8j  |        0|      2|    227|   214|    0|
    |MLP_1_fcmp_32ns_3ibs_U22   |MLP_1_fcmp_32ns_3ibs  |        0|      0|     66|    66|    0|
    |MLP_1_fdiv_32ns_3hbi_U21   |MLP_1_fdiv_32ns_3hbi  |        0|      0|    411|   802|    0|
    |MLP_1_fmul_32ns_3cud_U20   |MLP_1_fmul_32ns_3cud  |        0|      3|    128|   138|    0|
    |grp_dot_product_fu_1271    |dot_product           |        0|      5|   4840|  2286|    0|
    |grp_dot_product_1_fu_1263  |dot_product_1         |        0|      5|  17913|  5069|    0|
    |grp_dot_product_2_fu_1255  |dot_product_2         |        0|      5|  17913|  5069|    0|
    +---------------------------+----------------------+---------+-------+-------+------+-----+
    |Total                      |                      |        0|     22|  41725| 13858|    0|
    +---------------------------+----------------------+---------+-------+-------+------+-----+

    * DSP48E: 
    N/A

    * Memory: 
    +------------------+----------------------+---------+---+----+-----+-------+-----+------+-------------+
    |      Memory      |        Module        | BRAM_18K| FF| LUT| URAM| Words | Bits| Banks| W*Bits*Banks|
    +------------------+----------------------+---------+---+----+-----+-------+-----+------+-------------+
    |hidden1_matrix_U  |MLP_1_hidden1_matdEe  |      116|  0|   0|    0|  65536|   32|     1|      2097152|
    |hidden2_matrix_U  |MLP_1_hidden1_matdEe  |      116|  0|   0|    0|  65536|   32|     1|      2097152|
    |inputs_U          |MLP_1_inputs          |        1|  0|   0|    0|    256|   32|     1|         8192|
    |hidden1_U         |MLP_1_inputs          |        1|  0|   0|    0|    256|   32|     1|         8192|
    |hidden2_U         |MLP_1_inputs          |        1|  0|   0|    0|    256|   32|     1|         8192|
    |hidden1_bias_U    |MLP_1_inputs          |        1|  0|   0|    0|    256|   32|     1|         8192|
    |hidden2_bias_U    |MLP_1_inputs          |        1|  0|   0|    0|    256|   32|     1|         8192|
    |moving_mean1_U    |MLP_1_inputs          |        1|  0|   0|    0|    256|   32|     1|         8192|
    |moving_var1_U     |MLP_1_inputs          |        1|  0|   0|    0|    256|   32|     1|         8192|
    |gamma1_U          |MLP_1_inputs          |        1|  0|   0|    0|    256|   32|     1|         8192|
    |beta1_U           |MLP_1_inputs          |        1|  0|   0|    0|    256|   32|     1|         8192|
    |moving_mean2_U    |MLP_1_inputs          |        1|  0|   0|    0|    256|   32|     1|         8192|
    |moving_var2_U     |MLP_1_inputs          |        1|  0|   0|    0|    256|   32|     1|         8192|
    |gamma2_U          |MLP_1_inputs          |        1|  0|   0|    0|    256|   32|     1|         8192|
    |beta2_U           |MLP_1_inputs          |        1|  0|   0|    0|    256|   32|     1|         8192|
    |outputs_U         |MLP_1_outputs         |        1|  0|   0|    0|     64|   32|     1|         2048|
    |outputs_bias_U    |MLP_1_outputs         |        1|  0|   0|    0|     64|   32|     1|         2048|
    |outputs_matrix_U  |MLP_1_outputs_matfYi  |       29|  0|   0|    0|  16384|   32|     1|       524288|
    +------------------+----------------------+---------+---+----+-----+-------+-----+------+-------------+
    |Total             |                      |      276|  0|   0|    0| 150912|  576|    18|      4829184|
    +------------------+----------------------+---------+---+----+-----+-------+-----+------+-------------+

    * FIFO: 
    N/A

    * Expression: 
    +--------------------------+----------+-------+---+----+------------+------------+
    |       Variable Name      | Operation| DSP48E| FF| LUT| Bitwidth P0| Bitwidth P1|
    +--------------------------+----------+-------+---+----+------------+------------+
    |add_ln102_fu_1865_p2      |     +    |      0|  0|  23|          16|          16|
    |add_ln60_fu_1359_p2       |     +    |      0|  0|  15|           8|           1|
    |add_ln61_fu_1376_p2       |     +    |      0|  0|  15|           8|           1|
    |add_ln62_fu_1393_p2       |     +    |      0|  0|  15|           8|           1|
    |add_ln63_fu_1410_p2       |     +    |      0|  0|  15|           6|           1|
    |add_ln64_fu_1427_p2       |     +    |      0|  0|  15|           8|           1|
    |add_ln65_fu_1444_p2       |     +    |      0|  0|  15|           8|           1|
    |add_ln66_fu_1461_p2       |     +    |      0|  0|  15|           6|           1|
    |add_ln67_1_fu_1484_p2     |     +    |      0|  0|  15|           8|           1|
    |add_ln67_fu_1478_p2       |     +    |      0|  0|  15|           8|           1|
    |add_ln68_1_fu_1521_p2     |     +    |      0|  0|  15|           8|           1|
    |add_ln68_fu_1515_p2       |     +    |      0|  0|  15|           8|           1|
    |add_ln69_1_fu_1558_p2     |     +    |      0|  0|  15|           8|           1|
    |add_ln69_fu_1552_p2       |     +    |      0|  0|  15|           6|           1|
    |add_ln70_fu_1589_p2       |     +    |      0|  0|  15|           8|           1|
    |add_ln71_fu_1606_p2       |     +    |      0|  0|  15|           8|           1|
    |add_ln72_fu_1623_p2       |     +    |      0|  0|  15|           8|           1|
    |add_ln73_fu_1640_p2       |     +    |      0|  0|  15|           8|           1|
    |add_ln75_fu_1657_p2       |     +    |      0|  0|  15|           8|           1|
    |add_ln76_fu_1674_p2       |     +    |      0|  0|  15|           8|           1|
    |add_ln77_fu_1691_p2       |     +    |      0|  0|  15|           8|           1|
    |add_ln78_fu_1708_p2       |     +    |      0|  0|  15|           8|           1|
    |add_ln90_fu_1765_p2       |     +    |      0|  0|  25|          18|          18|
    |add_ln96_fu_1815_p2       |     +    |      0|  0|  25|          18|          18|
    |i_24_fu_1781_p2           |     +    |      0|  0|  16|           9|           1|
    |i_26_fu_1831_p2           |     +    |      0|  0|  15|           7|           1|
    |i_47_fu_1881_p2           |     +    |      0|  0|  16|           9|           1|
    |i_48_fu_1898_p2           |     +    |      0|  0|  16|           9|           1|
    |i_49_fu_1915_p2           |     +    |      0|  0|  15|           7|           1|
    |i_50_fu_1932_p2           |     +    |      0|  0|  16|           9|           1|
    |i_51_fu_1949_p2           |     +    |      0|  0|  16|           9|           1|
    |i_52_fu_1966_p2           |     +    |      0|  0|  16|           9|           1|
    |i_53_fu_1983_p2           |     +    |      0|  0|  16|           9|           1|
    |i_54_fu_2000_p2           |     +    |      0|  0|  16|           9|           1|
    |i_55_fu_2017_p2           |     +    |      0|  0|  16|           9|           1|
    |i_56_fu_2034_p2           |     +    |      0|  0|  16|           9|           1|
    |i_57_fu_2051_p2           |     +    |      0|  0|  16|           9|           1|
    |i_58_fu_2080_p2           |     +    |      0|  0|  16|           9|           1|
    |i_59_fu_2097_p2           |     +    |      0|  0|  16|           9|           1|
    |i_60_fu_2114_p2           |     +    |      0|  0|  16|           9|           1|
    |i_61_fu_2183_p2           |     +    |      0|  0|  16|           9|           1|
    |i_62_fu_2202_p2           |     +    |      0|  0|  16|           9|           1|
    |i_63_fu_2219_p2           |     +    |      0|  0|  16|           9|           1|
    |i_64_fu_2288_p2           |     +    |      0|  0|  16|           9|           1|
    |i_65_fu_2307_p2           |     +    |      0|  0|  15|           7|           1|
    |i_66_fu_2324_p2           |     +    |      0|  0|  15|           7|           1|
    |i_67_fu_2342_p2           |     +    |      0|  0|  15|           7|           1|
    |i_fu_1731_p2              |     +    |      0|  0|  16|           9|           1|
    |j_4_fu_1805_p2            |     +    |      0|  0|  16|           9|           1|
    |j_5_fu_1855_p2            |     +    |      0|  0|  16|           9|           1|
    |j_6_fu_2068_p2            |     +    |      0|  0|  27|          20|           1|
    |j_fu_1755_p2              |     +    |      0|  0|  16|           9|           1|
    |and_ln16_1_fu_2267_p2     |    and   |      0|  0|   2|           1|           1|
    |and_ln16_fu_2162_p2       |    and   |      0|  0|   2|           1|           1|
    |ap_block_state24          |    and   |      0|  0|   2|           1|           1|
    |ap_block_state26          |    and   |      0|  0|   2|           1|           1|
    |ap_block_state28          |    and   |      0|  0|   2|           1|           1|
    |ap_block_state29          |    and   |      0|  0|   2|           1|           1|
    |ap_block_state30          |    and   |      0|  0|   2|           1|           1|
    |ap_block_state31          |    and   |      0|  0|   2|           1|           1|
    |ap_block_state32          |    and   |      0|  0|   2|           1|           1|
    |ap_block_state33          |    and   |      0|  0|   2|           1|           1|
    |ap_block_state34          |    and   |      0|  0|   2|           1|           1|
    |ap_block_state35          |    and   |      0|  0|   2|           1|           1|
    |ap_block_state36          |    and   |      0|  0|   2|           1|           1|
    |ap_block_state37          |    and   |      0|  0|   2|           1|           1|
    |ap_block_state38          |    and   |      0|  0|   2|           1|           1|
    |ap_block_state42          |    and   |      0|  0|   2|           1|           1|
    |icmp_ln100_fu_1849_p2     |   icmp   |      0|  0|  13|           9|          10|
    |icmp_ln105_fu_1875_p2     |   icmp   |      0|  0|  13|           9|          10|
    |icmp_ln109_fu_1892_p2     |   icmp   |      0|  0|  13|           9|          10|
    |icmp_ln113_fu_1909_p2     |   icmp   |      0|  0|  11|           7|           8|
    |icmp_ln117_fu_1926_p2     |   icmp   |      0|  0|  13|           9|          10|
    |icmp_ln121_fu_1943_p2     |   icmp   |      0|  0|  13|           9|          10|
    |icmp_ln125_fu_1960_p2     |   icmp   |      0|  0|  13|           9|          10|
    |icmp_ln129_fu_1977_p2     |   icmp   |      0|  0|  13|           9|          10|
    |icmp_ln133_fu_1994_p2     |   icmp   |      0|  0|  13|           9|          10|
    |icmp_ln137_fu_2011_p2     |   icmp   |      0|  0|  13|           9|          10|
    |icmp_ln141_fu_2028_p2     |   icmp   |      0|  0|  13|           9|          10|
    |icmp_ln145_fu_2045_p2     |   icmp   |      0|  0|  13|           9|          10|
    |icmp_ln156_fu_2062_p2     |   icmp   |      0|  0|  20|          20|          17|
    |icmp_ln158_fu_2074_p2     |   icmp   |      0|  0|  13|           9|          10|
    |icmp_ln164_fu_2091_p2     |   icmp   |      0|  0|  13|           9|          10|
    |icmp_ln167_fu_2108_p2     |   icmp   |      0|  0|  13|           9|          10|
    |icmp_ln16_1_fu_2150_p2    |   icmp   |      0|  0|  20|          23|           1|
    |icmp_ln16_2_fu_2249_p2    |   icmp   |      0|  0|  11|           8|           2|
    |icmp_ln16_3_fu_2255_p2    |   icmp   |      0|  0|  20|          23|           1|
    |icmp_ln16_fu_2144_p2      |   icmp   |      0|  0|  11|           8|           2|
    |icmp_ln172_fu_2177_p2     |   icmp   |      0|  0|  13|           9|          10|
    |icmp_ln177_fu_2196_p2     |   icmp   |      0|  0|  13|           9|          10|
    |icmp_ln180_fu_2213_p2     |   icmp   |      0|  0|  13|           9|          10|
    |icmp_ln185_fu_2282_p2     |   icmp   |      0|  0|  13|           9|          10|
    |icmp_ln190_fu_2301_p2     |   icmp   |      0|  0|  11|           7|           8|
    |icmp_ln193_fu_2318_p2     |   icmp   |      0|  0|  11|           7|           8|
    |icmp_ln200_fu_2336_p2     |   icmp   |      0|  0|  11|           7|           8|
    |icmp_ln60_fu_1370_p2      |   icmp   |      0|  0|  11|           8|           2|
    |icmp_ln61_fu_1387_p2      |   icmp   |      0|  0|  11|           8|           2|
    |icmp_ln62_fu_1404_p2      |   icmp   |      0|  0|  11|           8|           2|
    |icmp_ln63_fu_1421_p2      |   icmp   |      0|  0|  11|           6|           2|
    |icmp_ln64_fu_1438_p2      |   icmp   |      0|  0|  11|           8|           2|
    |icmp_ln65_fu_1455_p2      |   icmp   |      0|  0|  11|           8|           2|
    |icmp_ln66_fu_1472_p2      |   icmp   |      0|  0|  11|           6|           2|
    |icmp_ln67_1_fu_1509_p2    |   icmp   |      0|  0|  11|           8|           2|
    |icmp_ln67_fu_1503_p2      |   icmp   |      0|  0|  11|           8|           2|
    |icmp_ln68_1_fu_1546_p2    |   icmp   |      0|  0|  11|           8|           2|
    |icmp_ln68_fu_1540_p2      |   icmp   |      0|  0|  11|           8|           2|
    |icmp_ln69_1_fu_1583_p2    |   icmp   |      0|  0|  11|           6|           2|
    |icmp_ln69_fu_1577_p2      |   icmp   |      0|  0|  11|           8|           2|
    |icmp_ln70_fu_1600_p2      |   icmp   |      0|  0|  11|           8|           2|
    |icmp_ln71_fu_1617_p2      |   icmp   |      0|  0|  11|           8|           2|
    |icmp_ln72_fu_1634_p2      |   icmp   |      0|  0|  11|           8|           2|
    |icmp_ln73_fu_1651_p2      |   icmp   |      0|  0|  11|           8|           2|
    |icmp_ln75_fu_1668_p2      |   icmp   |      0|  0|  11|           8|           2|
    |icmp_ln76_fu_1685_p2      |   icmp   |      0|  0|  11|           8|           2|
    |icmp_ln77_fu_1702_p2      |   icmp   |      0|  0|  11|           8|           2|
    |icmp_ln78_fu_1719_p2      |   icmp   |      0|  0|  11|           8|           2|
    |icmp_ln87_fu_1725_p2      |   icmp   |      0|  0|  13|           9|          10|
    |icmp_ln88_fu_1749_p2      |   icmp   |      0|  0|  13|           9|          10|
    |icmp_ln93_fu_1775_p2      |   icmp   |      0|  0|  13|           9|          10|
    |icmp_ln94_fu_1799_p2      |   icmp   |      0|  0|  13|           9|          10|
    |icmp_ln99_fu_1825_p2      |   icmp   |      0|  0|  11|           7|           8|
    |tmp_last_fu_2353_p2       |   icmp   |      0|  0|  11|           7|           6|
    |ap_block_state39          |    or    |      0|  0|   2|           1|           1|
    |or_ln16_1_fu_2261_p2      |    or    |      0|  0|   2|           1|           1|
    |or_ln16_fu_2156_p2        |    or    |      0|  0|   2|           1|           1|
    |select_ln16_1_fu_2273_p3  |  select  |      0|  0|  32|           1|          32|
    |select_ln16_fu_2168_p3    |  select  |      0|  0|  32|           1|          32|
    +--------------------------+----------+-------+---+----+------------+------------+
    |Total                     |          |      0|  0|1609|         972|         515|
    +--------------------------+----------+-------+---+----+------------+------------+

    * Multiplexer: 
    +-------------------------+-----+-----------+-----+-----------+
    |           Name          | LUT | Input Size| Bits| Total Bits|
    +-------------------------+-----+-----------+-----+-----------+
    |M_AXIS_TDATA_blk_n       |    9|          2|    1|          2|
    |S_AXIS_TDATA_blk_n       |    9|          2|    1|          2|
    |ap_NS_fsm                |  533|        124|    1|        124|
    |beta1_address0           |   21|          4|    8|         32|
    |beta1_d0                 |   15|          3|   32|         96|
    |beta2_address0           |   21|          4|    8|         32|
    |beta2_d0                 |   15|          3|   32|         96|
    |gamma1_address0          |   21|          4|    8|         32|
    |gamma1_d0                |   15|          3|   32|         96|
    |gamma2_address0          |   21|          4|    8|         32|
    |gamma2_d0                |   15|          3|   32|         96|
    |grp_fu_1279_opcode       |   15|          3|    2|          6|
    |grp_fu_1279_p0           |   27|          5|   32|        160|
    |grp_fu_1279_p1           |   41|          8|   32|        256|
    |grp_fu_1283_p0           |   15|          3|   32|         96|
    |grp_fu_1283_p1           |   15|          3|   32|         96|
    |grp_fu_1287_p1           |   15|          3|   32|         96|
    |hidden1_address0         |   41|          8|    8|         64|
    |hidden1_bias_address0    |   21|          4|    8|         32|
    |hidden1_bias_d0          |   15|          3|   32|         96|
    |hidden1_ce0              |   15|          3|    1|          3|
    |hidden1_d0               |   27|          5|   32|        160|
    |hidden1_matrix_address0  |   21|          4|   16|         64|
    |hidden1_matrix_ce0       |   15|          3|    1|          3|
    |hidden1_matrix_d0        |   15|          3|   32|         96|
    |hidden2_address0         |   41|          8|    8|         64|
    |hidden2_bias_address0    |   21|          4|    8|         32|
    |hidden2_bias_d0          |   15|          3|   32|         96|
    |hidden2_ce0              |   15|          3|    1|          3|
    |hidden2_d0               |   27|          5|   32|        160|
    |hidden2_matrix_address0  |   21|          4|   16|         64|
    |hidden2_matrix_ce0       |   15|          3|    1|          3|
    |hidden2_matrix_d0        |   15|          3|   32|         96|
    |i_0_reg_944              |    9|          2|    9|         18|
    |i_10_reg_1087            |    9|          2|    9|         18|
    |i_11_reg_1098            |    9|          2|    9|         18|
    |i_12_reg_1109            |    9|          2|    9|         18|
    |i_13_reg_1120            |    9|          2|    9|         18|
    |i_14_reg_1142            |    9|          2|    9|         18|
    |i_15_reg_1153            |    9|          2|    9|         18|
    |i_16_reg_1165            |    9|          2|    9|         18|
    |i_17_reg_1176            |    9|          2|    9|         18|
    |i_18_reg_1187            |    9|          2|    9|         18|
    |i_19_reg_1199            |    9|          2|    9|         18|
    |i_1_reg_966              |    9|          2|    9|         18|
    |i_20_reg_1210            |    9|          2|    9|         18|
    |i_21_reg_1221            |    9|          2|    7|         14|
    |i_22_reg_1233            |    9|          2|    7|         14|
    |i_23_reg_1244            |    9|          2|    7|         14|
    |i_2_reg_988              |    9|          2|    7|         14|
    |i_3_reg_1010             |    9|          2|    9|         18|
    |i_4_reg_1021             |    9|          2|    9|         18|
    |i_5_reg_1032             |    9|          2|    7|         14|
    |i_6_reg_1043             |    9|          2|    9|         18|
    |i_7_reg_1054             |    9|          2|    9|         18|
    |i_8_reg_1065             |    9|          2|    9|         18|
    |i_9_reg_1076             |    9|          2|    9|         18|
    |inputs_address0          |   21|          4|    8|         32|
    |inputs_ce0               |   15|          3|    1|          3|
    |inputs_d0                |   15|          3|   32|         96|
    |j_0_reg_955              |    9|          2|    9|         18|
    |j_1_reg_977              |    9|          2|    9|         18|
    |j_2_reg_999              |    9|          2|    9|         18|
    |j_3_reg_1131             |    9|          2|   20|         40|
    |moving_mean1_address0    |   21|          4|    8|         32|
    |moving_mean1_d0          |   15|          3|   32|         96|
    |moving_mean2_address0    |   21|          4|    8|         32|
    |moving_mean2_d0          |   15|          3|   32|         96|
    |moving_var1_address0     |   21|          4|    8|         32|
    |moving_var1_d0           |   15|          3|   32|         96|
    |moving_var2_address0     |   21|          4|    8|         32|
    |moving_var2_d0           |   15|          3|   32|         96|
    |outputs_address0         |   33|          6|    6|         36|
    |outputs_bias_address0    |   21|          4|    6|         24|
    |outputs_bias_d0          |   15|          3|   32|         96|
    |outputs_d0               |   21|          4|   32|        128|
    |outputs_matrix_address0  |   21|          4|   14|         56|
    |outputs_matrix_ce0       |   15|          3|    1|          3|
    |outputs_matrix_d0        |   15|          3|   32|         96|
    |phi_ln60_reg_710         |    9|          2|    8|         16|
    |phi_ln61_reg_721         |    9|          2|    8|         16|
    |phi_ln62_reg_732         |    9|          2|    8|         16|
    |phi_ln63_reg_743         |    9|          2|    6|         12|
    |phi_ln64_reg_754         |    9|          2|    8|         16|
    |phi_ln65_reg_765         |    9|          2|    8|         16|
    |phi_ln66_reg_776         |    9|          2|    6|         12|
    |phi_ln67_1_reg_799       |    9|          2|    8|         16|
    |phi_ln67_reg_787         |    9|          2|    8|         16|
    |phi_ln68_1_reg_822       |    9|          2|    8|         16|
    |phi_ln68_reg_810         |    9|          2|    8|         16|
    |phi_ln69_1_reg_845       |    9|          2|    8|         16|
    |phi_ln69_reg_833         |    9|          2|    6|         12|
    |phi_ln70_reg_856         |    9|          2|    8|         16|
    |phi_ln71_reg_867         |    9|          2|    8|         16|
    |phi_ln72_reg_878         |    9|          2|    8|         16|
    |phi_ln73_reg_889         |    9|          2|    8|         16|
    |phi_ln75_reg_900         |    9|          2|    8|         16|
    |phi_ln76_reg_911         |    9|          2|    8|         16|
    |phi_ln77_reg_922         |    9|          2|    8|         16|
    |phi_ln78_reg_933         |    9|          2|    8|         16|
    +-------------------------+-----+-----------+-----+-----------+
    |Total                    | 1940|        410| 1324|       4298|
    +-------------------------+-----+-----------+-----+-----------+

    * Register: 
    +----------------------------------------+-----+----+-----+-----------+
    |                  Name                  |  FF | LUT| Bits| Const Bits|
    +----------------------------------------+-----+----+-----+-----------+
    |add_ln67_reg_2415                       |    8|   0|    8|          0|
    |add_ln68_reg_2431                       |    8|   0|    8|          0|
    |add_ln69_reg_2447                       |    6|   0|    6|          0|
    |ap_CS_fsm                               |  123|   0|  123|          0|
    |beta1_load_reg_2794                     |   32|   0|   32|          0|
    |beta2_load_reg_2889                     |   32|   0|   32|          0|
    |gamma1_load_reg_2789                    |   32|   0|   32|          0|
    |gamma2_load_reg_2884                    |   32|   0|   32|          0|
    |grp_dot_product_1_fu_1263_ap_start_reg  |    1|   0|    1|          0|
    |grp_dot_product_2_fu_1255_ap_start_reg  |    1|   0|    1|          0|
    |grp_dot_product_fu_1271_ap_start_reg    |    1|   0|    1|          0|
    |hidden1_addr_2_reg_2725                 |    8|   0|    8|          0|
    |hidden1_addr_3_reg_2754                 |    8|   0|    8|          0|
    |hidden1_bias_load_reg_2735              |   32|   0|   32|          0|
    |hidden2_addr_2_reg_2820                 |    8|   0|    8|          0|
    |hidden2_addr_3_reg_2849                 |    8|   0|    8|          0|
    |hidden2_bias_load_reg_2830              |   32|   0|   32|          0|
    |i_0_reg_944                             |    9|   0|    9|          0|
    |i_10_reg_1087                           |    9|   0|    9|          0|
    |i_11_reg_1098                           |    9|   0|    9|          0|
    |i_12_reg_1109                           |    9|   0|    9|          0|
    |i_13_reg_1120                           |    9|   0|    9|          0|
    |i_14_reg_1142                           |    9|   0|    9|          0|
    |i_15_reg_1153                           |    9|   0|    9|          0|
    |i_16_reg_1165                           |    9|   0|    9|          0|
    |i_17_reg_1176                           |    9|   0|    9|          0|
    |i_18_reg_1187                           |    9|   0|    9|          0|
    |i_19_reg_1199                           |    9|   0|    9|          0|
    |i_1_reg_966                             |    9|   0|    9|          0|
    |i_20_reg_1210                           |    9|   0|    9|          0|
    |i_21_reg_1221                           |    7|   0|    7|          0|
    |i_22_reg_1233                           |    7|   0|    7|          0|
    |i_23_reg_1244                           |    7|   0|    7|          0|
    |i_24_reg_2551                           |    9|   0|    9|          0|
    |i_26_reg_2572                           |    7|   0|    7|          0|
    |i_2_reg_988                             |    7|   0|    7|          0|
    |i_3_reg_1010                            |    9|   0|    9|          0|
    |i_4_reg_1021                            |    9|   0|    9|          0|
    |i_59_reg_2707                           |    9|   0|    9|          0|
    |i_5_reg_1032                            |    7|   0|    7|          0|
    |i_60_reg_2720                           |    9|   0|    9|          0|
    |i_61_reg_2743                           |    9|   0|    9|          0|
    |i_62_reg_2802                           |    9|   0|    9|          0|
    |i_63_reg_2815                           |    9|   0|    9|          0|
    |i_64_reg_2838                           |    9|   0|    9|          0|
    |i_65_reg_2897                           |    7|   0|    7|          0|
    |i_66_reg_2910                           |    7|   0|    7|          0|
    |i_67_reg_2933                           |    7|   0|    7|          0|
    |i_6_reg_1043                            |    9|   0|    9|          0|
    |i_7_reg_1054                            |    9|   0|    9|          0|
    |i_8_reg_1065                            |    9|   0|    9|          0|
    |i_9_reg_1076                            |    9|   0|    9|          0|
    |i_reg_2530                              |    9|   0|    9|          0|
    |j_0_reg_955                             |    9|   0|    9|          0|
    |j_1_reg_977                             |    9|   0|    9|          0|
    |j_2_reg_999                             |    9|   0|    9|          0|
    |j_3_reg_1131                            |   20|   0|   20|          0|
    |j_6_reg_2691                            |   20|   0|   20|          0|
    |moving_mean1_load_reg_2769              |   32|   0|   32|          0|
    |moving_mean2_load_reg_2864              |   32|   0|   32|          0|
    |moving_var1_load_reg_2774               |   32|   0|   32|          0|
    |moving_var2_load_reg_2869               |   32|   0|   32|          0|
    |outputs_addr_2_reg_2915                 |    6|   0|    6|          0|
    |outputs_bias_load_reg_2925              |   32|   0|   32|          0|
    |phi_ln60_reg_710                        |    8|   0|    8|          0|
    |phi_ln61_reg_721                        |    8|   0|    8|          0|
    |phi_ln62_reg_732                        |    8|   0|    8|          0|
    |phi_ln63_reg_743                        |    6|   0|    6|          0|
    |phi_ln64_reg_754                        |    8|   0|    8|          0|
    |phi_ln65_reg_765                        |    8|   0|    8|          0|
    |phi_ln66_reg_776                        |    6|   0|    6|          0|
    |phi_ln67_1_reg_799                      |    8|   0|    8|          0|
    |phi_ln67_reg_787                        |    8|   0|    8|          0|
    |phi_ln68_1_reg_822                      |    8|   0|    8|          0|
    |phi_ln68_reg_810                        |    8|   0|    8|          0|
    |phi_ln69_1_reg_845                      |    8|   0|    8|          0|
    |phi_ln69_reg_833                        |    6|   0|    6|          0|
    |phi_ln70_reg_856                        |    8|   0|    8|          0|
    |phi_ln71_reg_867                        |    8|   0|    8|          0|
    |phi_ln72_reg_878                        |    8|   0|    8|          0|
    |phi_ln73_reg_889                        |    8|   0|    8|          0|
    |phi_ln75_reg_900                        |    8|   0|    8|          0|
    |phi_ln76_reg_911                        |    8|   0|    8|          0|
    |phi_ln77_reg_922                        |    8|   0|    8|          0|
    |phi_ln78_reg_933                        |    8|   0|    8|          0|
    |reg_1319                                |   32|   0|   32|          0|
    |reg_1324                                |   32|   0|   32|          0|
    |reg_1333                                |   32|   0|   32|          0|
    |reg_1338                                |   32|   0|   32|          0|
    |reg_1343                                |   32|   0|   32|          0|
    |reg_1348                                |   32|   0|   32|          0|
    |reg_1353                                |   32|   0|   32|          0|
    |tmp6_reg_2712                           |   32|   0|   32|          0|
    |tmp_5_reg_2807                          |   32|   0|   32|          0|
    |tmp_data_15_reg_2678                    |   32|   0|   32|          0|
    |tmp_data_16_reg_2683                    |   32|   0|   32|          0|
    |tmp_last_reg_2943                       |    1|   0|    1|          0|
    |tmp_s_reg_2902                          |   32|   0|   32|          0|
    |zext_ln100_reg_2577                     |    7|   0|   16|          9|
    |zext_ln173_reg_2748                     |    9|   0|   64|         55|
    |zext_ln186_reg_2843                     |    9|   0|   64|         55|
    |zext_ln88_reg_2535                      |    9|   0|   18|          9|
    |zext_ln94_reg_2556                      |    9|   0|   18|          9|
    +----------------------------------------+-----+----+-----+-----------+
    |Total                                   | 1501|   0| 1638|        137|
    +----------------------------------------+-----+----+-----+-----------+



================================================================
== Interface
================================================================
* Summary: 
+---------------+-----+-----+--------------+---------------+--------------+
|   RTL Ports   | Dir | Bits|   Protocol   | Source Object |    C Type    |
+---------------+-----+-----+--------------+---------------+--------------+
|ap_clk         |  in |    1| ap_ctrl_none |     MLP_1     | return value |
|ap_rst_n       |  in |    1| ap_ctrl_none |     MLP_1     | return value |
|S_AXIS_TDATA   |  in |   32|     axis     | S_AXIS_V_data |    pointer   |
|S_AXIS_TVALID  |  in |    1|     axis     | S_AXIS_V_last |    pointer   |
|S_AXIS_TREADY  | out |    1|     axis     | S_AXIS_V_last |    pointer   |
|S_AXIS_TLAST   |  in |    1|     axis     | S_AXIS_V_last |    pointer   |
|M_AXIS_TDATA   | out |   32|     axis     | M_AXIS_V_data |    pointer   |
|M_AXIS_TVALID  | out |    1|     axis     | M_AXIS_V_last |    pointer   |
|M_AXIS_TREADY  |  in |    1|     axis     | M_AXIS_V_last |    pointer   |
|M_AXIS_TLAST   | out |    1|     axis     | M_AXIS_V_last |    pointer   |
+---------------+-----+-----+--------------+---------------+--------------+

