design_1_axi_smc_0: bd_afc3__GC0, s01_entry_pipeline_imp_1W4H5O0__GC0, sc_mmu_v1_0_9_top__parameterized0__GC0, s00_entry_pipeline_imp_USCCV8__GC0, sc_mmu_v1_0_9_top__GC0, sc_exit_v1_0_10_top__GC0, sc_util_v1_0_4_axi_reg_stall, 
dot_product_1: dot_product_1__GB3, dot_product_1__GB2, dot_product_1__GB1, dot_product_1__GB0, 
design_1: sc_mmu_v1_0_9_top__GC0, design_1__GC0, MLP_1__GCB0, dot_product_1__GB3, dot_product_1__GB2, sc_util_v1_0_4_axi_reg_stall, dot_product_2__GB2, sc_exit_v1_0_10_top__GC0, dot_product_1__GB0, dot_product_2__GB1, MLP_1__GCB1, s00_entry_pipeline_imp_USCCV8__GC0, bd_afc3__GC0, dot_product_2__GB3, dot_product_2__GB0, dot_product_1__GB1, s01_entry_pipeline_imp_1W4H5O0__GC0, sc_mmu_v1_0_9_top__parameterized0__GC0, 
s01_entry_pipeline_imp_1W4H5O0: s01_entry_pipeline_imp_1W4H5O0__GC0, sc_mmu_v1_0_9_top__parameterized0__GC0, sc_util_v1_0_4_axi_reg_stall, 
design_1_MLP_1_0_0: dot_product_2__GB3, dot_product_1__GB1, dot_product_1__GB3, dot_product_2__GB2, dot_product_1__GB2, MLP_1__GCB0, dot_product_1__GB0, MLP_1__GCB1, dot_product_2__GB1, dot_product_2__GB0, 
sc_mmu_v1_0_9_top: sc_mmu_v1_0_9_top__GC0, sc_util_v1_0_4_axi_reg_stall, 
bd_afc3_s00mmu_0: sc_mmu_v1_0_9_top__GC0, sc_util_v1_0_4_axi_reg_stall, 
sc_exit_v1_0_10_top: sc_exit_v1_0_10_top__GC0, sc_util_v1_0_4_axi_reg_stall, 
design_1_wrapper: sc_mmu_v1_0_9_top__GC0, design_1__GC0, MLP_1__GCB0, dot_product_1__GB3, dot_product_1__GB2, sc_util_v1_0_4_axi_reg_stall, dot_product_2__GB2, sc_exit_v1_0_10_top__GC0, dot_product_1__GB0, dot_product_2__GB1, MLP_1__GCB1, s00_entry_pipeline_imp_USCCV8__GC0, bd_afc3__GC0, dot_product_2__GB3, dot_product_2__GB0, dot_product_1__GB1, s01_entry_pipeline_imp_1W4H5O0__GC0, sc_mmu_v1_0_9_top__parameterized0__GC0, 
sc_mmu_v1_0_9_top__parameterized0: sc_mmu_v1_0_9_top__parameterized0__GC0, sc_util_v1_0_4_axi_reg_stall, 
dot_product_2: dot_product_2__GB3, dot_product_2__GB2, dot_product_2__GB1, dot_product_2__GB0, 
bd_afc3_s01mmu_0: sc_mmu_v1_0_9_top__parameterized0__GC0, sc_util_v1_0_4_axi_reg_stall, 
bd_afc3: bd_afc3__GC0, s01_entry_pipeline_imp_1W4H5O0__GC0, sc_mmu_v1_0_9_top__parameterized0__GC0, s00_entry_pipeline_imp_USCCV8__GC0, sc_mmu_v1_0_9_top__GC0, sc_exit_v1_0_10_top__GC0, sc_util_v1_0_4_axi_reg_stall, 
m00_exit_pipeline_imp_1TZX5BB: sc_exit_v1_0_10_top__GC0, sc_util_v1_0_4_axi_reg_stall, 
s00_entry_pipeline_imp_USCCV8: s00_entry_pipeline_imp_USCCV8__GC0, sc_mmu_v1_0_9_top__GC0, sc_util_v1_0_4_axi_reg_stall, 
MLP_1: dot_product_2__GB3, dot_product_1__GB1, dot_product_1__GB3, dot_product_2__GB2, dot_product_1__GB2, MLP_1__GCB0, dot_product_1__GB0, MLP_1__GCB1, dot_product_2__GB1, dot_product_2__GB0, 
bd_afc3_m00e_0: sc_exit_v1_0_10_top__GC0, sc_util_v1_0_4_axi_reg_stall, 
